readelf -h build/npkernel.elf
ELF Header:
  Magic:   7f 45 4c 46 02 01 01 00 00 00 00 00 00 00 00 00 
  Class:                             ELF64
  Data:                              2's complement, little endian
  Version:                           1 (current)
  OS/ABI:                            UNIX - System V
  ABI Version:                       0
  Type:                              EXEC (Executable file)
  Machine:                           Advanced Micro Devices X86-64
  Version:                           0x1
  Entry point address:               0xffffffff8000f180
  Start of program headers:          64 (bytes into file)
  Start of section headers:          321000 (bytes into file)
  Flags:                             0x0
  Size of this header:               64 (bytes)
  Size of program headers:           56 (bytes)
  Number of program headers:         6
  Size of section headers:           64 (bytes)
  Number of section headers:         22
  Section header string table index: 20
readelf -S build/npkernel.elf
There are 22 section headers, starting at offset 0x4e5e8:

Section Headers:
  [Nr] Name              Type             Address           Offset
       Size              EntSize          Flags  Link  Info  Align
  [ 0]                   NULL             0000000000000000  00000000
       0000000000000000  0000000000000000           0     0     0
  [ 1] .text             PROGBITS         ffffffff80000000  00001000
       000000000000fbce  0000000000000000  AX       0     0     16
  [ 2] .rodata           PROGBITS         ffffffff80010000  00011000
       0000000000003478  0000000000000000 AMS       0     0     16
  [ 3] .limine_requests  PROGBITS         ffffffff80014000  00015000
       0000000000000160  0000000000000000  WA       0     0     16
  [ 4] .data             PROGBITS         ffffffff80015000  00016000
       000000000000003d  0000000000000000  WA       0     0     16
  [ 5] .bss              NOBITS           ffffffff80016000  00017000
       0000000000625240  0000000000000000  WA       0     0     16
  [ 6] .debug_abbrev     PROGBITS         0000000000000000  00017000
       00000000000032b5  0000000000000000           0     0     1
  [ 7] .debug_info       PROGBITS         0000000000000000  0001a2b5
       000000000000f748  0000000000000000           0     0     1
  [ 8] .debug_str_o[...] PROGBITS         0000000000000000  000299fd
       000000000000286c  0000000000000000           0     0     1
  [ 9] .debug_str        PROGBITS         0000000000000000  0002c269
       0000000000003834  0000000000000001  MS       0     0     1
  [10] .debug_addr       PROGBITS         0000000000000000  0002fa9d
       0000000000003b88  0000000000000000           0     0     1
  [11] .debug_frame      PROGBITS         0000000000000000  00033628
       0000000000002d98  0000000000000000           0     0     8
  [12] .debug_line       PROGBITS         0000000000000000  000363c0
       0000000000009d5d  0000000000000000           0     0     1
  [13] .debug_line_str   PROGBITS         0000000000000000  0004011d
       0000000000000254  0000000000000001  MS       0     0     1
  [14] .debug_loclists   PROGBITS         0000000000000000  00040371
       00000000000097f4  0000000000000000           0     0     1
  [15] .debug_rnglists   PROGBITS         0000000000000000  00049b65
       0000000000000aa6  0000000000000000           0     0     1
  [16] .debug_aranges    PROGBITS         0000000000000000  0004a60b
       0000000000000030  0000000000000000           0     0     1
  [17] .debug_pubnames   PROGBITS         0000000000000000  0004a63b
       0000000000000000  0000000000000000           0     0     1
  [18] .debug_loc        PROGBITS         0000000000000000  0004a63b
       0000000000000000  0000000000000000           0     0     1
  [19] .symtab           SYMTAB           0000000000000000  0004a640
       00000000000026a0  0000000000000018          21   214     8
  [20] .shstrtab         STRTAB           0000000000000000  0004cce0
       00000000000000fc  0000000000000000           0     0     1
  [21] .strtab           STRTAB           0000000000000000  0004cddc
       0000000000001807  0000000000000000           0     0     1
Key to Flags:
  W (write), A (alloc), X (execute), M (merge), S (strings), I (info),
  L (link order), O (extra OS processing required), G (group), T (TLS),
  C (compressed), x (unknown), o (OS specific), E (exclude),
  D (mbind), l (large), p (processor specific)
nm -n build/npkernel.elf | tail -30
ffffffff8062ad98 b row
ffffffff8062ad99 b column
ffffffff8062ada0 b tail
ffffffff8062ada4 b head
ffffffff8062ada8 b extended
ffffffff8062ada9 b caps_lock
ffffffff8062adaa b shift_down
ffffffff8062adb0 b queue
ffffffff8062b1b0 b primary
ffffffff8062b1c0 b vga_buffer
ffffffff8062b1c8 b using_gop
ffffffff8062b1d0 b cursor_y
ffffffff8062b1d8 b cursor_x
ffffffff8062b1e0 b vga_cursor_y
ffffffff8062b1e2 b vga_cursor_x
ffffffff8062b1e8 b initialized
ffffffff8062b1e9 b ready
ffffffff8062b1ea b pm1_event_length
ffffffff8062b1eb b pm1_control_length
ffffffff8062b1f0 b pm1a_event
ffffffff8062b200 b pm1b_event
ffffffff8062b210 b pm1a_control
ffffffff8062b220 b pm1b_control
ffffffff8062b230 b sleep_type_a
ffffffff8062b231 b sleep_type_b
ffffffff8062b232 b sleep_type_b_valid
ffffffff8062b234 b sci_gsi
ffffffff8062b238 b sci_ioapic
ffffffff8062b240 b stack_bottom
ffffffff8063b240 b stack_top
